// Jest Snapshot v1, https://goo.gl/fbAQLP

exports[`Header component Renders header component 1`] = `
<Header>
  <EuiPanel
    borderRadius="none"
    grow={false}
    hasBorder={false}
    hasShadow={false}
    style={
      Object {
        "borderBottom": "1px solid #D3DAE6",
      }
    }
  >
    <div
      className="euiPanel euiPanel--paddingMedium euiPanel--borderRadiusNone euiPanel--plain euiPanel--noShadow euiPanel--noBorder euiPanel--flexGrowZero"
      style={
        Object {
          "borderBottom": "1px solid #D3DAE6",
        }
      }
    />
  </EuiPanel>
</Header>
`;
